// Vitest Snapshot v1, https://vitest.dev/guide/snapshot.html

exports[`CategoryScoresChart > renders bar chart with labels, values, and highlights weakest 1`] = `
"<section class="card" aria-label="Scores">
  <header style="display: flex; align-items: center; justify-content: space-between; gap: 8px; margin-bottom: 6px;">
    <h3 style="margin: 0px; font-weight: 700;">Scores</h3><small class="chip" aria-label="Anzahl Kategorien">3 Kategorien</small>
  </header><!-- SR-only textual summary for accessibility -->
  <p class="sr-only" role="status" aria-live="polite">F채higkeiten je Kategorie. Putting Green: 100 Prozent, Chipping Green: 33 Prozent, Driving Range: 67 Prozent. Schw채chste Kategorie: Chipping Green.</p><!-- Bars (mobile) -->
  <div class="row" style="flex-direction: column; gap: 8px;">
    <div class="w-full">
      <div style="display: flex; align-items: center; justify-content: space-between; font-size: 12px; margin-bottom: 4px;"><span>Putting Green</span><span>100%</span></div>
      <div class="w-full" style="height: 10px; background: var(--border); border-radius: 999px; overflow: hidden;">
        <div data-testid="bar-Putting Green" class="h-full" style="width: 100%; background: rgb(47, 122, 82); border-radius: 999px;"></div>
      </div>
    </div>
    <div class="w-full">
      <div style="display: flex; align-items: center; justify-content: space-between; font-size: 12px; margin-bottom: 4px;"><span>Chipping Green</span><span>33%</span></div>
      <div class="w-full" style="height: 10px; background: var(--border); border-radius: 999px; overflow: hidden;">
        <div data-testid="bar-Chipping Green" class="h-full" style="width: 33%; background: rgb(239, 68, 68); border-radius: 999px;"></div>
      </div>
    </div>
    <div class="w-full">
      <div style="display: flex; align-items: center; justify-content: space-between; font-size: 12px; margin-bottom: 4px;"><span>Driving Range</span><span>67%</span></div>
      <div class="w-full" style="height: 10px; background: var(--border); border-radius: 999px; overflow: hidden;">
        <div data-testid="bar-Driving Range" class="h-full" style="width: 67%; background: rgb(47, 122, 82); border-radius: 999px;"></div>
      </div>
    </div>
  </div>
</section>"
`;

exports[`CategoryScoresChart > renders radar chart with polygon and marker on weakest point 1`] = `
"<section class="card" aria-label="Scores">
  <header style="display: flex; align-items: center; justify-content: space-between; gap: 8px; margin-bottom: 6px;">
    <h3 style="margin: 0px; font-weight: 700;">Scores</h3><small class="chip" aria-label="Anzahl Kategorien">3 Kategorien</small>
  </header><!-- SR-only textual summary for accessibility -->
  <p class="sr-only" role="status" aria-live="polite">F채higkeiten je Kategorie. Putting Green: 100 Prozent, Chipping Green: 33 Prozent, Driving Range: 67 Prozent. Schw채chste Kategorie: Chipping Green.</p><!-- Bars (mobile) -->
  <!-- Radar (desktop) -->
  <div class="w-full" style="display: flex; align-items: center; justify-content: center;"><svg width="320" height="320" viewBox="0 0 320 320" role="img" aria-label="Radar Chart">
      <!-- grid circles -->
      <g transform="translate(160, 160)" stroke="var(--border)" fill="none">
        <circle r="28"></circle>
        <circle r="56"></circle>
        <circle r="84"></circle>
        <circle r="112"></circle>
      </g><!-- axes -->
      <g transform="translate(160, 160)" stroke="var(--border)">
        <line x1="0" y1="0" x2="160" y2="48"></line>
        <line x1="0" y1="0" x2="256.99484522385717" y2="215.99999999999997"></line>
        <line x1="0" y1="0" x2="63.00515477614289" y2="216.00000000000003"></line>
      </g><!-- polygon for values -->
      <g transform="translate(160, 160)">
        <polygon points="160,48 192.00829892387287,178.48 95.01345370001573,197.52000000000004" fill="rgba(47,122,82,0.15)" stroke="#2F7A52" stroke-width="2"></polygon><!-- weakest point marker -->
        <circle cx="32.00829892387286" cy="18.479999999999993" r="4" fill="#ef4444"></circle>
      </g><!-- labels around -->
      <g font-size="11" fill="currentColor"><text x="160" y="30" text-anchor="middle" dominant-baseline="central">Putting Green (100%) </text><text x="272.58330249197707" y="224.99999999999997" text-anchor="middle" dominant-baseline="central">Chipping Green (33%) </text><text x="47.41669750802299" y="225.00000000000006" text-anchor="middle" dominant-baseline="central">Driving Range (67%) </text></g>
    </svg></div>
</section>"
`;
